// Jest Snapshot v1, https://goo.gl/fbAQLP

exports[`PageContainer it should match snapshot 1`] = `<PageContainer__Wrapper />`;
