// Jest Snapshot v1, https://goo.gl/fbAQLP

exports[`Button should match snapshot 1`] = `
<Button
  block={false}
  ghost={false}
  htmlType="button"
  loading={false}
  type="primary"
>
  something
</Button>
`;
